Last login: Tue Sep 16 14:48:37 on console
admin@Admins-MacBook-Pro ~ % node index.js
zsh: command not found: node
admin@Admins-MacBook-Pro ~ % install npm
usage: install [-bCcpSsUv] [-f flags] [-g group] [-m mode] [-o owner]
               [-M log] [-D dest] [-h hash] [-T tags]
               [-B suffix] [-l linkflags] [-N dbdir]
               file1 file2
       install [-bCcpSsUv] [-f flags] [-g group] [-m mode] [-o owner]
               [-M log] [-D dest] [-h hash] [-T tags]
               [-B suffix] [-l linkflags] [-N dbdir]
               file1 ... fileN directory
       install -dU [-vU] [-g group] [-m mode] [-N dbdir] [-o owner]
               [-M log] [-D dest] [-h hash] [-T tags]
               directory ...
admin@Admins-MacBook-Pro ~ % node --version
zsh: command not found: node
admin@Admins-MacBook-Pro ~ % npm --version
zsh: command not found: npm
admin@Admins-MacBook-Pro ~ % node app.js
zsh: command not found: node
admin@Admins-MacBook-Pro ~ % cd ..         
admin@Admins-MacBook-Pro /Users % node app.js
zsh: command not found: node
admin@Admins-MacBook-Pro /Users % npm init
zsh: command not found: npm
admin@Admins-MacBook-Pro /Users % /bin/bash -c "$(curl -fsSL https://raw.githubusercontent.com/Homebrew/install/HEAD/install.sh)"

==> Checking for `sudo` access (which may request your password)...
Password:
Sorry, try again.
Password:
Sorry, try again.
Password:
sudo: 3 incorrect password attempts
Need sudo access on macOS (e.g. the user admin needs to be an Administrator)!
admin@Admins-MacBook-Pro /Users % cd ..
admin@Admins-MacBook-Pro / % /bin/bash -c "$(curl -fsSL https://raw.githubusercontent.com/Homebrew/install/HEAD/install.sh)"

==> Checking for `sudo` access (which may request your password)...
Password:
==> This script will install:
/opt/homebrew/bin/brew
/opt/homebrew/share/doc/homebrew
/opt/homebrew/share/man/man1/brew.1
/opt/homebrew/share/zsh/site-functions/_brew
/opt/homebrew/etc/bash_completion.d/brew
/opt/homebrew
/etc/paths.d/homebrew
==> The following new directories will be created:
/opt/homebrew/bin
/opt/homebrew/etc
/opt/homebrew/include
/opt/homebrew/lib
/opt/homebrew/sbin
/opt/homebrew/share
/opt/homebrew/var
/opt/homebrew/opt
/opt/homebrew/share/zsh
/opt/homebrew/share/zsh/site-functions
/opt/homebrew/var/homebrew
/opt/homebrew/var/homebrew/linked
/opt/homebrew/Cellar
/opt/homebrew/Caskroom
/opt/homebrew/Frameworks
==> The Xcode Command Line Tools will be installed.

Press RETURN/ENTER to continue or any other key to abort:
admin@Admins-MacBook-Pro / % brew install node
zsh: command not found: brew
admin@Admins-MacBook-Pro / % /bin/bash -c "$(curl -fsSL https://raw.githubusercontent.com/Homebrew/install/HEAD/install.sh)"

==> Checking for `sudo` access (which may request your password)...
Password:
==> This script will install:
/opt/homebrew/bin/brew
/opt/homebrew/share/doc/homebrew
/opt/homebrew/share/man/man1/brew.1
/opt/homebrew/share/zsh/site-functions/_brew
/opt/homebrew/etc/bash_completion.d/brew
/opt/homebrew
/etc/paths.d/homebrew
==> The following new directories will be created:
/opt/homebrew/bin
/opt/homebrew/etc
/opt/homebrew/include
/opt/homebrew/lib
/opt/homebrew/sbin
/opt/homebrew/share
/opt/homebrew/var
/opt/homebrew/opt
/opt/homebrew/share/zsh
/opt/homebrew/share/zsh/site-functions
/opt/homebrew/var/homebrew
/opt/homebrew/var/homebrew/linked
/opt/homebrew/Cellar
/opt/homebrew/Caskroom
/opt/homebrew/Frameworks
==> The Xcode Command Line Tools will be installed.

Press RETURN/ENTER to continue or any other key to abort:
admin@Admins-MacBook-Pro / % /bin/bash -c "$(curl -fsSL https://raw.githubusercontent.com/Homebrew/install/HEAD/install.sh)"

==> Checking for `sudo` access (which may request your password)...
Password:
==> This script will install:
/opt/homebrew/bin/brew
/opt/homebrew/share/doc/homebrew
/opt/homebrew/share/man/man1/brew.1
/opt/homebrew/share/zsh/site-functions/_brew
/opt/homebrew/etc/bash_completion.d/brew
/opt/homebrew
/etc/paths.d/homebrew
==> The following new directories will be created:
/opt/homebrew/bin
/opt/homebrew/etc
/opt/homebrew/include
/opt/homebrew/lib
/opt/homebrew/sbin
/opt/homebrew/share
/opt/homebrew/var
/opt/homebrew/opt
/opt/homebrew/share/zsh
/opt/homebrew/share/zsh/site-functions
/opt/homebrew/var/homebrew
/opt/homebrew/var/homebrew/linked
/opt/homebrew/Cellar
/opt/homebrew/Caskroom
/opt/homebrew/Frameworks
==> The Xcode Command Line Tools will be installed.

Press RETURN/ENTER to continue or any other key to abort:
==> /usr/bin/sudo /usr/bin/install -d -o root -g wheel -m 0755 /opt/homebrew
==> /usr/bin/sudo /bin/mkdir -p /opt/homebrew/bin /opt/homebrew/etc /opt/homebrew/include /opt/homebrew/lib /opt/homebrew/sbin /opt/homebrew/share /opt/homebrew/var /opt/homebrew/opt /opt/homebrew/share/zsh /opt/homebrew/share/zsh/site-functions /opt/homebrew/var/homebrew /opt/homebrew/var/homebrew/linked /opt/homebrew/Cellar /opt/homebrew/Caskroom /opt/homebrew/Frameworks
==> /usr/bin/sudo /bin/chmod ug=rwx /opt/homebrew/bin /opt/homebrew/etc /opt/homebrew/include /opt/homebrew/lib /opt/homebrew/sbin /opt/homebrew/share /opt/homebrew/var /opt/homebrew/opt /opt/homebrew/share/zsh /opt/homebrew/share/zsh/site-functions /opt/homebrew/var/homebrew /opt/homebrew/var/homebrew/linked /opt/homebrew/Cellar /opt/homebrew/Caskroom /opt/homebrew/Frameworks
==> /usr/bin/sudo /bin/chmod go-w /opt/homebrew/share/zsh /opt/homebrew/share/zsh/site-functions
==> /usr/bin/sudo /usr/sbin/chown admin /opt/homebrew/bin /opt/homebrew/etc /opt/homebrew/include /opt/homebrew/lib /opt/homebrew/sbin /opt/homebrew/share /opt/homebrew/var /opt/homebrew/opt /opt/homebrew/share/zsh /opt/homebrew/share/zsh/site-functions /opt/homebrew/var/homebrew /opt/homebrew/var/homebrew/linked /opt/homebrew/Cellar /opt/homebrew/Caskroom /opt/homebrew/Frameworks
==> /usr/bin/sudo /usr/bin/chgrp admin /opt/homebrew/bin /opt/homebrew/etc /opt/homebrew/include /opt/homebrew/lib /opt/homebrew/sbin /opt/homebrew/share /opt/homebrew/var /opt/homebrew/opt /opt/homebrew/share/zsh /opt/homebrew/share/zsh/site-functions /opt/homebrew/var/homebrew /opt/homebrew/var/homebrew/linked /opt/homebrew/Cellar /opt/homebrew/Caskroom /opt/homebrew/Frameworks
==> /usr/bin/sudo /usr/sbin/chown -R admin:admin /opt/homebrew
==> Searching online for the Command Line Tools
==> /usr/bin/sudo /usr/bin/touch /tmp/.com.apple.dt.CommandLineTools.installondemand.in-progress
==> Installing Command Line Tools for Xcode-16.4
==> /usr/bin/sudo /usr/sbin/softwareupdate -i Command\ Line\ Tools\ for\ Xcode-16.4
Software Update Tool

Finding available software

Downloading Command Line Tools for Xcode    

Downloaded Command Line Tools for Xcode
Installing Command Line Tools for Xcode
brew install node

Done with Command Line Tools for Xcode
Done.
==> /usr/bin/sudo /usr/bin/xcode-select --switch /Library/Developer/CommandLineTools
==> /usr/bin/sudo /bin/rm -f /tmp/.com.apple.dt.CommandLineTools.installondemand.in-progress
==> Downloading and installing Homebrew...
remote: Enumerating objects: 311397, done.
remote: Counting objects: 100% (314/314), done.
remote: Compressing objects: 100% (141/141), done.
remote: Total 311397 (delta 228), reused 221 (delta 172), pack-reused 311083 (from 3)
remote: Enumerating objects: 55, done.
remote: Counting objects: 100% (34/34), done.
remote: Total 55 (delta 34), reused 34 (delta 34), pack-reused 21 (from 1)
==> /usr/bin/sudo /bin/mkdir -p /etc/paths.d
==> /usr/bin/sudo tee /etc/paths.d/homebrew
/opt/homebrew/bin
==> /usr/bin/sudo /usr/sbin/chown root:wheel /etc/paths.d/homebrew
==> /usr/bin/sudo /bin/chmod a+r /etc/paths.d/homebrew
==> Updating Homebrew...
==> Downloading https://ghcr.io/v2/homebrew/portable-ruby/portable-ruby/blobs/sha256:20fa657858e44a4b39171d6e4111f8a9716eb62a78ebbd1491d94f90bb7b830a
############################################################################################################################################################################################################################################## 100.0%
==> Pouring portable-ruby-3.4.5.arm64_big_sur.bottle.tar.gz
==> Installation successful!

==> Homebrew has enabled anonymous aggregate formulae and cask analytics.
Read the analytics documentation (and how to opt-out) here:
  https://docs.brew.sh/Analytics
No analytics data has been sent yet (nor will any be during this install run).

==> Homebrew is run entirely by unpaid volunteers. Please consider donating:
  https://github.com/Homebrew/brew#donations

==> Next steps:
- Run these commands in your terminal to add Homebrew to your PATH:
    echo >> /Users/admin/.zprofile
    echo 'eval "$(/opt/homebrew/bin/brew shellenv)"' >> /Users/admin/.zprofile
    eval "$(/opt/homebrew/bin/brew shellenv)"
- Run brew help to get started
- Further documentation:
    https://docs.brew.sh

admin@Admins-MacBook-Pro / % 
admin@Admins-MacBook-Pro / % 
admin@Admins-MacBook-Pro / % brew install node
zsh: command not found: brew
admin@Admins-MacBook-Pro / % brew install node
zsh: command not found: brew
admin@Admins-MacBook-Pro / % brew help
zsh: command not found: brew
admin@Admins-MacBook-Pro / % brew install node
zsh: command not found: brew
admin@Admins-MacBook-Pro / % cd ..
admin@Admins-MacBook-Pro / % brew install node
zsh: command not found: brew
admin@Admins-MacBook-Pro / % echo 'eval "$(/opt/homebrew/bin/brew shellenv)"' >> ~/.zprofile
eval "$(/opt/homebrew/bin/brew shellenv)"
admin@Admins-MacBook-Pro / % brew install node
==> Fetching downloads for: node
==> Downloading https://ghcr.io/v2/homebrew/core/node/manifests/24.8.0-1
######################################################################### 100.0%
==> Fetching dependencies for node: brotli, c-ares, icu4c@77, libnghttp2, libnghttp3, ca-certificates, openssl@3, libngtcp2, libuv, simdjson, readline, sqlite, uvwasi, lz4, xz and zstd
==> Downloading https://ghcr.io/v2/homebrew/core/brotli/manifests/1.1.0-2
######################################################################### 100.0%
==> Fetching brotli
==> Downloading https://ghcr.io/v2/homebrew/core/brotli/blobs/sha256:64750425b75
######################################################################### 100.0%
==> Downloading https://ghcr.io/v2/homebrew/core/c-ares/manifests/1.34.5-1
######################################################################### 100.0%
==> Fetching c-ares
==> Downloading https://ghcr.io/v2/homebrew/core/c-ares/blobs/sha256:76858a7f6dd
######################################################################### 100.0%
==> Downloading https://ghcr.io/v2/homebrew/core/icu4c/77/manifests/77.1
######################################################################### 100.0%
==> Fetching icu4c@77
==> Downloading https://ghcr.io/v2/homebrew/core/icu4c/77/blobs/sha256:19f6b5fef
######################################################################### 100.0%
==> Downloading https://ghcr.io/v2/homebrew/core/libnghttp2/manifests/1.67.1
######################################################################### 100.0%
==> Fetching libnghttp2
==> Downloading https://ghcr.io/v2/homebrew/core/libnghttp2/blobs/sha256:01a4aa0
######################################################################### 100.0%
==> Downloading https://ghcr.io/v2/homebrew/core/libnghttp3/manifests/1.11.0
######################################################################### 100.0%
==> Fetching libnghttp3
==> Downloading https://ghcr.io/v2/homebrew/core/libnghttp3/blobs/sha256:1c9d28d
######################################################################### 100.0%
==> Downloading https://ghcr.io/v2/homebrew/core/ca-certificates/manifests/2025-
######################################################################### 100.0%
==> Fetching ca-certificates
==> Downloading https://ghcr.io/v2/homebrew/core/ca-certificates/blobs/sha256:a7
######################################################################### 100.0%
==> Downloading https://ghcr.io/v2/homebrew/core/openssl/3/manifests/3.5.2
######################################################################### 100.0%
==> Fetching openssl@3
==> Downloading https://ghcr.io/v2/homebrew/core/openssl/3/blobs/sha256:4066d798
######################################################################### 100.0%
==> Downloading https://ghcr.io/v2/homebrew/core/libngtcp2/manifests/1.15.1
######################################################################### 100.0%
==> Fetching libngtcp2
==> Downloading https://ghcr.io/v2/homebrew/core/libngtcp2/blobs/sha256:f20ea5d5
######################################################################### 100.0%
==> Downloading https://ghcr.io/v2/homebrew/core/libuv/manifests/1.51.0-1
######################################################################### 100.0%
==> Fetching libuv
==> Downloading https://ghcr.io/v2/homebrew/core/libuv/blobs/sha256:47f6323a3b3a
######################################################################### 100.0%
==> Downloading https://ghcr.io/v2/homebrew/core/simdjson/manifests/3.13.0
######################################################################### 100.0%
==> Fetching simdjson
==> Downloading https://ghcr.io/v2/homebrew/core/simdjson/blobs/sha256:2d66e9836
######################################################################### 100.0%
==> Downloading https://ghcr.io/v2/homebrew/core/readline/manifests/8.3.1
######################################################################### 100.0%
==> Fetching readline
==> Downloading https://ghcr.io/v2/homebrew/core/readline/blobs/sha256:3afa0c228
######################################################################### 100.0%
==> Downloading https://ghcr.io/v2/homebrew/core/sqlite/manifests/3.50.4-2
######################################################################### 100.0%
==> Fetching sqlite
==> Downloading https://ghcr.io/v2/homebrew/core/sqlite/blobs/sha256:ac752e123cf
######################################################################### 100.0%
==> Downloading https://ghcr.io/v2/homebrew/core/uvwasi/manifests/0.0.23-1
######################################################################### 100.0%
==> Fetching uvwasi
==> Downloading https://ghcr.io/v2/homebrew/core/uvwasi/blobs/sha256:3bbe2380eb1
######################################################################### 100.0%
==> Downloading https://ghcr.io/v2/homebrew/core/lz4/manifests/1.10.0-1
######################################################################### 100.0%
==> Fetching lz4
==> Downloading https://ghcr.io/v2/homebrew/core/lz4/blobs/sha256:5bd143b7b78498
######################################################################### 100.0%
==> Downloading https://ghcr.io/v2/homebrew/core/xz/manifests/5.8.1
######################################################################### 100.0%
==> Fetching xz
==> Downloading https://ghcr.io/v2/homebrew/core/xz/blobs/sha256:dcd7823f2624cbc
######################################################################### 100.0%
==> Downloading https://ghcr.io/v2/homebrew/core/zstd/manifests/1.5.7-1
######################################################################### 100.0%
==> Fetching zstd
==> Downloading https://ghcr.io/v2/homebrew/core/zstd/blobs/sha256:55a4e0a4a92f5
######################################################################### 100.0%
==> Fetching node
==> Downloading https://ghcr.io/v2/homebrew/core/node/blobs/sha256:1eda6648d5c79
######################################################################### 100.0%
==> Installing dependencies for node: brotli, c-ares, icu4c@77, libnghttp2, libnghttp3, ca-certificates, openssl@3, libngtcp2, libuv, simdjson, readline, sqlite, uvwasi, lz4, xz and zstd
==> Installing node dependency: brotli
==> Downloading https://ghcr.io/v2/homebrew/core/brotli/manifests/1.1.0-2
Already downloaded: /Users/admin/Library/Caches/Homebrew/downloads/72b36368116298518fd66e638dfbe8cb541d8db2d33e279683bbdb4b79c73e0d--brotli-1.1.0-2.bottle_manifest.json
==> Pouring brotli--1.1.0.arm64_sequoia.bottle.2.tar.gz
🍺  /opt/homebrew/Cellar/brotli/1.1.0: 28 files, 1.7MB
==> Installing node dependency: c-ares
==> Downloading https://ghcr.io/v2/homebrew/core/c-ares/manifests/1.34.5-1
Already downloaded: /Users/admin/Library/Caches/Homebrew/downloads/c52b1c91460667312755a235f78ac192a45bff39befbba6da9aa72a17263c559--c-ares-1.34.5-1.bottle_manifest.json
==> Pouring c-ares--1.34.5.arm64_sequoia.bottle.1.tar.gz
🍺  /opt/homebrew/Cellar/c-ares/1.34.5: 176 files, 1MB
==> Installing node dependency: icu4c@77
==> Downloading https://ghcr.io/v2/homebrew/core/icu4c/77/manifests/77.1
Already downloaded: /Users/admin/Library/Caches/Homebrew/downloads/35ec2c3adb94255ba47424a4334da9616d97e1ec6d59ed907b368535018bed0a--icu4c@77-77.1.bottle_manifest.json
==> Pouring icu4c@77--77.1.arm64_sequoia.bottle.tar.gz
🍺  /opt/homebrew/Cellar/icu4c@77/77.1: 277 files, 81.3MB
==> Installing node dependency: libnghttp2
==> Downloading https://ghcr.io/v2/homebrew/core/libnghttp2/manifests/1.67.1
Already downloaded: /Users/admin/Library/Caches/Homebrew/downloads/4ab02c0d5b434fceba7c6d80df57d28c94c7e93f966dce66b789029ded4773e3--libnghttp2-1.67.1.bottle_manifest.json
==> Pouring libnghttp2--1.67.1.arm64_sequoia.bottle.tar.gz
🍺  /opt/homebrew/Cellar/libnghttp2/1.67.1: 14 files, 739.4KB
==> Installing node dependency: libnghttp3
==> Downloading https://ghcr.io/v2/homebrew/core/libnghttp3/manifests/1.11.0
Already downloaded: /Users/admin/Library/Caches/Homebrew/downloads/3efff4f68e2c19db2315e48ca4b115b707b8aaea4c1f6c1576c8df2bb796cb61--libnghttp3-1.11.0.bottle_manifest.json
==> Pouring libnghttp3--1.11.0.arm64_sequoia.bottle.tar.gz
🍺  /opt/homebrew/Cellar/libnghttp3/1.11.0: 20 files, 579.8KB
==> Installing node dependency: ca-certificates
==> Downloading https://ghcr.io/v2/homebrew/core/ca-certificates/manifests/2025-
Already downloaded: /Users/admin/Library/Caches/Homebrew/downloads/426185977a48495074d7594bb26de3d3f6afafc4a03c0d972deaba1cc2ba2861--ca-certificates-2025-09-09.bottle_manifest.json
==> Pouring ca-certificates--2025-09-09.all.bottle.tar.gz
==> Regenerating CA certificate bundle from keychain, this may take a while...
🍺  /opt/homebrew/Cellar/ca-certificates/2025-09-09: 4 files, 232.9KB
==> Installing node dependency: openssl@3
==> Downloading https://ghcr.io/v2/homebrew/core/openssl/3/manifests/3.5.2
Already downloaded: /Users/admin/Library/Caches/Homebrew/downloads/e6659abe178bdf49b65451e77f6165a3e07274432f445342092e5ad2a927b23c--openssl@3-3.5.2.bottle_manifest.json
==> Pouring openssl@3--3.5.2.arm64_sequoia.bottle.tar.gz
🍺  /opt/homebrew/Cellar/openssl@3/3.5.2: 7,563 files, 35.4MB
==> Installing node dependency: libngtcp2
==> Downloading https://ghcr.io/v2/homebrew/core/libngtcp2/manifests/1.15.1
Already downloaded: /Users/admin/Library/Caches/Homebrew/downloads/2386d7347885fe52b57b9393d95f8b7dbfbdfcf303183ce1cc220faf3bb3d836--libngtcp2-1.15.1.bottle_manifest.json
==> Pouring libngtcp2--1.15.1.arm64_sequoia.bottle.tar.gz
🍺  /opt/homebrew/Cellar/libngtcp2/1.15.1: 21 files, 1.2MB
==> Installing node dependency: libuv
==> Downloading https://ghcr.io/v2/homebrew/core/libuv/manifests/1.51.0-1
Already downloaded: /Users/admin/Library/Caches/Homebrew/downloads/3134253b57ab9327739c97027f8b90160da109e06dda0dc4d2d222a6df0ab9b8--libuv-1.51.0-1.bottle_manifest.json
==> Pouring libuv--1.51.0.arm64_sequoia.bottle.1.tar.gz
🍺  /opt/homebrew/Cellar/libuv/1.51.0: 34 files, 1.2MB
==> Installing node dependency: simdjson
==> Downloading https://ghcr.io/v2/homebrew/core/simdjson/manifests/3.13.0
Already downloaded: /Users/admin/Library/Caches/Homebrew/downloads/02c41c3dcd1d6d8e7fa71de0dbc30f47556872481178358c68a85bf79f14457d--simdjson-3.13.0.bottle_manifest.json
==> Pouring simdjson--3.13.0.arm64_sequoia.bottle.tar.gz
🍺  /opt/homebrew/Cellar/simdjson/3.13.0: 17 files, 5.3MB
==> Installing node dependency: readline
==> Downloading https://ghcr.io/v2/homebrew/core/readline/manifests/8.3.1
Already downloaded: /Users/admin/Library/Caches/Homebrew/downloads/52cb2bb3f0d9e66789968b865501c41ed80dc303eb488939476b309f1d350dc5--readline-8.3.1.bottle_manifest.json
==> Pouring readline--8.3.1.arm64_sequoia.bottle.tar.gz
🍺  /opt/homebrew/Cellar/readline/8.3.1: 56 files, 2.6MB
==> Installing node dependency: sqlite
==> Downloading https://ghcr.io/v2/homebrew/core/sqlite/manifests/3.50.4-2
Already downloaded: /Users/admin/Library/Caches/Homebrew/downloads/cc0b46a30077b6cb9f6927fc0c81145398349a0ba416b914b1e5485d0d678231--sqlite-3.50.4-2.bottle_manifest.json
==> Pouring sqlite--3.50.4.arm64_sequoia.bottle.2.tar.gz
🍺  /opt/homebrew/Cellar/sqlite/3.50.4: 13 files, 4.9MB
==> Installing node dependency: uvwasi
==> Downloading https://ghcr.io/v2/homebrew/core/uvwasi/manifests/0.0.23-1
Already downloaded: /Users/admin/Library/Caches/Homebrew/downloads/d9fc39e8e8eb3c4e33b14bafb8f46ce7c30a8814a9d2ff809f4a27525ec96893--uvwasi-0.0.23-1.bottle_manifest.json
==> Pouring uvwasi--0.0.23.arm64_sequoia.bottle.1.tar.gz
🍺  /opt/homebrew/Cellar/uvwasi/0.0.23: 15 files, 282.6KB
==> Installing node dependency: lz4
==> Downloading https://ghcr.io/v2/homebrew/core/lz4/manifests/1.10.0-1
Already downloaded: /Users/admin/Library/Caches/Homebrew/downloads/8e11e90eb21a06e0f199af9d80e011e3693c77dd353b2477579d95c8471a5802--lz4-1.10.0-1.bottle_manifest.json
==> Pouring lz4--1.10.0.arm64_sequoia.bottle.1.tar.gz
🍺  /opt/homebrew/Cellar/lz4/1.10.0: 24 files, 713.5KB
==> Installing node dependency: xz
==> Downloading https://ghcr.io/v2/homebrew/core/xz/manifests/5.8.1
Already downloaded: /Users/admin/Library/Caches/Homebrew/downloads/86a115cc1d43ff8a480fd907f812e70a403e1675d8a7223f61bbb08cbd2adc27--xz-5.8.1.bottle_manifest.json
==> Pouring xz--5.8.1.arm64_sequoia.bottle.tar.gz
🍺  /opt/homebrew/Cellar/xz/5.8.1: 96 files, 2.5MB
==> Installing node dependency: zstd
==> Downloading https://ghcr.io/v2/homebrew/core/zstd/manifests/1.5.7-1
Already downloaded: /Users/admin/Library/Caches/Homebrew/downloads/14f45413747fef87558cd195b1104e55d9739f9574f146051dbd6569ded74a94--zstd-1.5.7-1.bottle_manifest.json
==> Pouring zstd--1.5.7.arm64_sequoia.bottle.1.tar.gz
🍺  /opt/homebrew/Cellar/zstd/1.5.7: 32 files, 2.2MB
==> Installing node
==> Pouring node--24.8.0.arm64_sequoia.bottle.1.tar.gz
🍺  /opt/homebrew/Cellar/node/24.8.0: 2,467 files, 75.4MB
==> Running `brew cleanup node`...
Disable this behaviour by setting `HOMEBREW_NO_INSTALL_CLEANUP=1`.
Hide these hints with `HOMEBREW_NO_ENV_HINTS=1` (see `man brew`).
==> No outdated dependents to upgrade!
admin@Admins-MacBook-Pro / % node --v
node: bad option: --v
admin@Admins-MacBook-Pro / % node -v 
v24.8.0
admin@Admins-MacBook-Pro / % nano hello.js

  UW PICO 5.09                     File: hello.js                     Modified  

js hellp revisiting

console.log("HELLLO);    
 
      
    
   
  
  










                                                                                
^G Get Help  ^O WriteOut  ^R Read File ^Y Prev Pg   ^K Cut Text  ^C Cur Pos   
^X Exit      ^J Justify   ^W Where is  ^V Next Pg   ^U UnCut Text^T To Spell  
